// Jest Snapshot v1, https://goo.gl/fbAQLP

exports[`should collect data 1`] = `
Object {
  "collectedEntities": Array [
    Object {
      "_class": Array [
        "Account",
      ],
      "_key": "acme-unique-account-id",
      "_rawData": Array [
        Object {
          "name": "default",
          "rawData": Object {
            "id": "acme-unique-account-id",
            "name": "Example Co. Acme Account",
          },
        },
      ],
      "_type": "acme_account",
      "createdOn": undefined,
      "displayName": "Example Co. Acme Account",
      "id": "acme-unique-account-id",
      "manager": "Manager Name",
      "mfaEnabled": true,
      "name": "Example Co. Acme Account",
    },
    Object {
      "_class": Array [
        "User",
      ],
      "_key": "acme-user-1",
      "_rawData": Array [
        Object {
          "name": "default",
          "rawData": Object {
            "id": "acme-user-1",
            "name": "User One",
          },
        },
      ],
      "_type": "acme_user",
      "createdOn": undefined,
      "displayName": "User One",
      "email": "test@test.com",
      "firstName": "John",
      "id": "acme-user-1",
      "name": "User One",
      "username": "testusername",
    },
    Object {
      "_class": Array [
        "User",
      ],
      "_key": "acme-user-2",
      "_rawData": Array [
        Object {
          "name": "default",
          "rawData": Object {
            "id": "acme-user-2",
            "name": "User Two",
          },
        },
      ],
      "_type": "acme_user",
      "createdOn": undefined,
      "displayName": "User Two",
      "email": "test@test.com",
      "firstName": "John",
      "id": "acme-user-2",
      "name": "User Two",
      "username": "testusername",
    },
    Object {
      "_class": Array [
        "UserGroup",
      ],
      "_key": "acme-group-1",
      "_rawData": Array [
        Object {
          "name": "default",
          "rawData": Object {
            "id": "acme-group-1",
            "name": "Group One",
            "users": Array [
              Object {
                "id": "acme-user-1",
              },
            ],
          },
        },
      ],
      "_type": "acme_group",
      "createdOn": undefined,
      "displayName": "Group One",
      "email": "testgroup@test.com",
      "id": "acme-group-1",
      "logoLink": "https://test.com/logo.png",
      "name": "Group One",
    },
  ],
  "collectedRelationships": Array [
    Object {
      "_class": "HAS",
      "_fromEntityKey": "acme-unique-account-id",
      "_key": "acme-unique-account-id|has|acme-user-1",
      "_toEntityKey": "acme-user-1",
      "_type": "acme_account_has_user",
      "displayName": "HAS",
    },
    Object {
      "_class": "HAS",
      "_fromEntityKey": "acme-unique-account-id",
      "_key": "acme-unique-account-id|has|acme-user-2",
      "_toEntityKey": "acme-user-2",
      "_type": "acme_account_has_user",
      "displayName": "HAS",
    },
    Object {
      "_class": "HAS",
      "_fromEntityKey": "acme-unique-account-id",
      "_key": "acme-unique-account-id|has|acme-group-1",
      "_toEntityKey": "acme-group-1",
      "_type": "acme_account_has_group",
      "displayName": "HAS",
    },
    Object {
      "_class": "HAS",
      "_fromEntityKey": "acme-group-1",
      "_key": "acme-group-1|has|acme-user-1",
      "_toEntityKey": "acme-user-1",
      "_type": "acme_group_has_user",
      "displayName": "HAS",
    },
  ],
  "encounteredTypes": Array [
    "acme_account",
    "acme_user",
    "acme_account_has_user",
    "acme_group",
    "acme_account_has_group",
    "acme_group_has_user",
  ],
  "numCollectedEntities": 4,
  "numCollectedRelationships": 4,
}
`;
